Traceback (most recent call last):
  File "C:\Users\FM-PC-LT-235\AppData\Local\pypoetry\Cache\virtualenvs\processworkers-fKY3n16l-py3.12\Lib\site-packages\jupyter_cache\executors\utils.py", line 58, in single_nb_execution
    executenb(
  File "C:\Users\FM-PC-LT-235\AppData\Local\pypoetry\Cache\virtualenvs\processworkers-fKY3n16l-py3.12\Lib\site-packages\nbclient\client.py", line 1319, in execute
    return NotebookClient(nb=nb, resources=resources, km=km, **kwargs).execute()
           ^^^^^^^^^^^^^^^^^^^^^^^^^^^^^^^^^^^^^^^^^^^^^^^^^^^^^^^^^^^^^^^^^^^^^
  File "C:\Users\FM-PC-LT-235\AppData\Local\pypoetry\Cache\virtualenvs\processworkers-fKY3n16l-py3.12\Lib\site-packages\jupyter_core\utils\__init__.py", line 165, in wrapped
    return loop.run_until_complete(inner)
           ^^^^^^^^^^^^^^^^^^^^^^^^^^^^^^
  File "C:\Users\FM-PC-LT-235\AppData\Local\Programs\Python\Python312\Lib\asyncio\base_events.py", line 686, in run_until_complete
    return future.result()
           ^^^^^^^^^^^^^^^
  File "C:\Users\FM-PC-LT-235\AppData\Local\pypoetry\Cache\virtualenvs\processworkers-fKY3n16l-py3.12\Lib\site-packages\nbclient\client.py", line 709, in async_execute
    await self.async_execute_cell(
  File "C:\Users\FM-PC-LT-235\AppData\Local\pypoetry\Cache\virtualenvs\processworkers-fKY3n16l-py3.12\Lib\site-packages\nbclient\client.py", line 1062, in async_execute_cell
    await self._check_raise_for_error(cell, cell_index, exec_reply)
  File "C:\Users\FM-PC-LT-235\AppData\Local\pypoetry\Cache\virtualenvs\processworkers-fKY3n16l-py3.12\Lib\site-packages\nbclient\client.py", line 918, in _check_raise_for_error
    raise CellExecutionError.from_cell_and_msg(cell, exec_reply_content)
nbclient.exceptions.CellExecutionError: An error occurred while executing the following cell:
------------------
# Stem and leaf plot: divide data (eg: 62) into stem(6) and leaf(2)
# %pip install stemgraphic

import stemgraphic
stemgraphic.stem_graphic([10,11,12,21,22,32,33,38,71,73,77,76,71]);
------------------


[1;31m---------------------------------------------------------------------------[0m
[1;31mModuleNotFoundError[0m                       Traceback (most recent call last)
Cell [1;32mIn[10], line 4[0m
[0;32m      1[0m [38;5;66;03m# Stem and leaf plot: divide data (eg: 62) into stem(6) and leaf(2)[39;00m
[0;32m      2[0m [38;5;66;03m# %pip install stemgraphic[39;00m
[1;32m----> 4[0m [38;5;28;01mimport[39;00m [38;5;21;01mstemgraphic[39;00m
[0;32m      5[0m stemgraphic[38;5;241m.[39mstem_graphic([[38;5;241m10[39m,[38;5;241m11[39m,[38;5;241m12[39m,[38;5;241m21[39m,[38;5;241m22[39m,[38;5;241m32[39m,[38;5;241m33[39m,[38;5;241m38[39m,[38;5;241m71[39m,[38;5;241m73[39m,[38;5;241m77[39m,[38;5;241m76[39m,[38;5;241m71[39m]);

[1;31mModuleNotFoundError[0m: No module named 'stemgraphic'

